
Admin@BesyLaptop MINGW64 /d
$ git clone https://github.com/QuangHuyk16/22174600111_VuQuangHuy_baitap.git
Cloning into '22174600111_VuQuangHuy_baitap'...
remote: Enumerating objects: 3, done.
remote: Counting objects: 100% (3/3), done.
remote: Compressing objects: 100% (2/2), done.
remote: Total 3 (delta 0), reused 0 (delta 0), pack-reused 0 (from 0)
Receiving objects: 100% (3/3), done.

Admin@BesyLaptop MINGW64 /d
$ cd 22174600111_VuQuangHuy_baitap

Admin@BesyLaptop MINGW64 /d/22174600111_VuQuangHuy_baitap (main)
$ echo "Lorem ipsum dolor sit amet, consectetur adipiscing elit. Integer efficitur, eros at  lacinia suscipit, magna turpis aliquam est, sit amet aliquam quam libero id mi. Ut vel  placerat risus. Sed tempor in ex vitae sodales. Donec et tempor orci. In pharetra viverra  sagittis. Vestibulum risus ante, molestie ac eros efficitur, bibendum tincidunt turpis. In sit  amet tortor gravida, ultricies ante vitae, varius tortor. Aliquam finibus porta nulla sed  gravida. Aliquam ultricies dapibus ante eget molestie. In hac habitasse platea dictumst.  Aliquam aliquam enim at massa pharetra, et vestibulum sapien consequat. Donec  accumsan quis metus at pellentesque. Morbi quis felis placerat, interdum justo a, aliquam  risus." > README.md

Admin@BesyLaptop MINGW64 /d/22174600111_VuQuangHuy_baitap (main)
$ git add .
warning: in the working copy of 'README.md', LF will be replaced by CRLF the next time Git touches it

Admin@BesyLaptop MINGW64 /d/22174600111_VuQuangHuy_baitap (main)
$ git commit -m "Thay doi file"
[main d17dc77] Thay doi file
 1 file changed, 1 insertion(+), 2 deletions(-)

Admin@BesyLaptop MINGW64 /d/22174600111_VuQuangHuy_baitap (main)
$ git push origin
Enumerating objects: 5, done.
Counting objects: 100% (5/5), done.
Delta compression using up to 8 threads
Compressing objects: 100% (2/2), done.
Writing objects: 100% (3/3), 636 bytes | 636.00 KiB/s, done.
Total 3 (delta 0), reused 0 (delta 0), pack-reused 0 (from 0)
To https://github.com/QuangHuyk16/22174600111_VuQuangHuy_baitap.git
   166585e..d17dc77  main -> main

Admin@BesyLaptop MINGW64 /d/22174600111_VuQuangHuy_baitap (main)
$ git checkout -b "branch_1"
Switched to a new branch 'branch_1'

Admin@BesyLaptop MINGW64 /d/22174600111_VuQuangHuy_baitap (branch_1)
$ echo "Lorem ipsum dolor sit amet, consectetur adipiscing elit." > text_branch_1.txt

Admin@BesyLaptop MINGW64 /d/22174600111_VuQuangHuy_baitap (branch_1)
$ git add .
warning: in the working copy of 'text_branch_1.txt', LF will be replaced by CRLF the next time Git touches it

Admin@BesyLaptop MINGW64 /d/22174600111_VuQuangHuy_baitap (branch_1)
$ git commit -m "Tao nhanh 1"
[branch_1 1561379] Tao nhanh 1
 1 file changed, 1 insertion(+)
 create mode 100644 text_branch_1.txt

Admin@BesyLaptop MINGW64 /d/22174600111_VuQuangHuy_baitap (branch_1)
$ git push origin branch_1
Enumerating objects: 4, done.
Counting objects: 100% (4/4), done.
Delta compression using up to 8 threads
Compressing objects: 100% (3/3), done.
Writing objects: 100% (3/3), 354 bytes | 354.00 KiB/s, done.
Total 3 (delta 0), reused 0 (delta 0), pack-reused 0 (from 0)
remote:
remote: Create a pull request for 'branch_1' on GitHub by visiting:
remote:      https://github.com/QuangHuyk16/22174600111_VuQuangHuy_baitap/pull/new/branch_1
remote:
To https://github.com/QuangHuyk16/22174600111_VuQuangHuy_baitap.git
 * [new branch]      branch_1 -> branch_1

Admin@BesyLaptop MINGW64 /d/22174600111_VuQuangHuy_baitap (branch_1)
$ git checkout main
Switched to branch 'main'
Your branch is up to date with 'origin/main'.

Admin@BesyLaptop MINGW64 /d/22174600111_VuQuangHuy_baitap (main)
$ git checkout -b "branch_2"
Switched to a new branch 'branch_2'

Admin@BesyLaptop MINGW64 /d/22174600111_VuQuangHuy_baitap (branch_2)
$ echo "Praesent ullamcorper orci eu erat placerat sodales." > text_branch_2.txt

Admin@BesyLaptop MINGW64 /d/22174600111_VuQuangHuy_baitap (branch_2)
$ git add .
warning: in the working copy of 'text_branch_2.txt', LF will be replaced by CRLF the next time Git touches it

Admin@BesyLaptop MINGW64 /d/22174600111_VuQuangHuy_baitap (branch_2)
$ git commit -m "Them nhanh 2"
[branch_2 f54cf1d] Them nhanh 2
 1 file changed, 1 insertion(+)
 create mode 100644 text_branch_2.txt

Admin@BesyLaptop MINGW64 /d/22174600111_VuQuangHuy_baitap (branch_2)
$ git push origin branch_2
Enumerating objects: 4, done.
Counting objects: 100% (4/4), done.
Delta compression using up to 8 threads
Compressing objects: 100% (3/3), done.
Writing objects: 100% (3/3), 348 bytes | 348.00 KiB/s, done.
Total 3 (delta 0), reused 0 (delta 0), pack-reused 0 (from 0)
remote:
remote: Create a pull request for 'branch_2' on GitHub by visiting:
remote:      https://github.com/QuangHuyk16/22174600111_VuQuangHuy_baitap/pull/new/branch_2
remote:
To https://github.com/QuangHuyk16/22174600111_VuQuangHuy_baitap.git
 * [new branch]      branch_2 -> branch_2

Admin@BesyLaptop MINGW64 /d/22174600111_VuQuangHuy_baitap (branch_2)
$ git checkout main
Switched to branch 'main'
Your branch is up to date with 'origin/main'.

Admin@BesyLaptop MINGW64 /d/22174600111_VuQuangHuy_baitap (main)
$ git checkout -b "branch_3"
Switched to a new branch 'branch_3'

Admin@BesyLaptop MINGW64 /d/22174600111_VuQuangHuy_baitap (branch_3)
$ echo "Integer sit amet nisi aliquam, tempor libero quis, cursus erat." > text_branch_3.txt

Admin@BesyLaptop MINGW64 /d/22174600111_VuQuangHuy_baitap (branch_3)
$ git add .
warning: in the working copy of 'text_branch_3.txt', LF will be replaced by CRLF the next time Git touches it

Admin@BesyLaptop MINGW64 /d/22174600111_VuQuangHuy_baitap (branch_3)
$ gir commit -m "Them nhanh 3"
bash: gir: command not found

Admin@BesyLaptop MINGW64 /d/22174600111_VuQuangHuy_baitap (branch_3)
$ git commit -m "Them nhanh 3"
[branch_3 177e65c] Them nhanh 3
 1 file changed, 1 insertion(+)
 create mode 100644 text_branch_3.txt

Admin@BesyLaptop MINGW64 /d/22174600111_VuQuangHuy_baitap (branch_3)
$ git push origin branch_3
Enumerating objects: 4, done.
Counting objects: 100% (4/4), done.
Delta compression using up to 8 threads
Compressing objects: 100% (3/3), done.
Writing objects: 100% (3/3), 359 bytes | 359.00 KiB/s, done.
Total 3 (delta 0), reused 0 (delta 0), pack-reused 0 (from 0)
remote:
remote: Create a pull request for 'branch_3' on GitHub by visiting:
remote:      https://github.com/QuangHuyk16/22174600111_VuQuangHuy_baitap/pull/new/branch_3
remote:
To https://github.com/QuangHuyk16/22174600111_VuQuangHuy_baitap.git
 * [new branch]      branch_3 -> branch_3

Admin@BesyLaptop MINGW64 /d/22174600111_VuQuangHuy_baitap (branch_3)
$ git checkout main
Switched to branch 'main'
Your branch is up to date with 'origin/main'.

Admin@BesyLaptop MINGW64 /d/22174600111_VuQuangHuy_baitap (main)
$ git checkout -b "branch_4"
Switched to a new branch 'branch_4'

Admin@BesyLaptop MINGW64 /d/22174600111_VuQuangHuy_baitap (branch_4)
$ echo "Cras ac mi nec nisi porta ultrices sed non ante." > text_branch_4.txt

Admin@BesyLaptop MINGW64 /d/22174600111_VuQuangHuy_baitap (branch_4)
$ git add .
warning: in the working copy of 'text_branch_4.txt', LF will be replaced by CRLF the next time Git touches it

Admin@BesyLaptop MINGW64 /d/22174600111_VuQuangHuy_baitap (branch_4)
$ gir commit -m "Them nhanh 4"
bash: gir: command not found

Admin@BesyLaptop MINGW64 /d/22174600111_VuQuangHuy_baitap (branch_4)
$ git commit -m "Them nhanh 4"
[branch_4 177e65c] Them nhanh 4
 1 file changed, 1 insertion(+)
 create mode 100644 text_branch_4.txt

Admin@BesyLaptop MINGW64 /d/22174600111_VuQuangHuy_baitap (branch_4)
$ git push origin branch_4
Enumerating objects: 4, done.
Counting objects: 100% (4/4), done.
Delta compression using up to 12 threads
Compressing objects: 100% (2/2), done.
Writing objects: 100% (3/3), 359 bytes | 359.00 KiB/s, done.
Total 4 (delta 0), reused 0 (delta 0), pack-reused 0 (from 0)
remote:
remote: Create a pull request for 'branch_4' on GitHub by visiting:
remote:      https://github.com/QuangHuyk16/22174600111_VuQuangHuy_baitap/pull/new/branch_4
remote:
To https://github.com/QuangHuyk16/22174600111_VuQuangHuy_baitap.git
 * [new branch]      branch_4 -> branch_4

Admin@BesyLaptop MINGW64 /d/22174600111_VuQuangHuy_baitap (branch_4)
$ git checkout main
Switched to branch 'main'
Your branch is up to date with 'origin/main'.

Admin@BesyLaptop MINGW64 /d/22174600111_VuQuangHuy_baitap (main)
$ mkdir main_folder

Admin@BesyLaptop MINGW64 /d/22174600111_VuQuangHuy_baitap (main)
$ cd main_folder

Admin@BesyLaptop MINGW64 /d/22174600111_VuQuangHuy_baitap/main_folder (main)
$ touch main_txt_1.txt

Admin@BesyLaptop MINGW64 /d/22174600111_VuQuangHuy_baitap/main_folder (main)
$ touch main_txt_2.txt

Admin@BesyLaptop MINGW64 /d/22174600111_VuQuangHuy_baitap/main_folder (main)
$ touch main_txt_3.txt

Admin@BesyLaptop MINGW64 /d/22174600111_VuQuangHuy_baitap/main_folder (main)
$ git add main_folder
fatal: pathspec 'main_folder' did not match any files

Admin@BesyLaptop MINGW64 /d/22174600111_VuQuangHuy_baitap/main_folder (main)
$ git commit -m "Them folder"
On branch main
Your branch is up to date with 'origin/main'.

Untracked files:
  (use "git add <file>..." to include in what will be committed)
        ./

nothing added to commit but untracked files present (use "git add" to track)

Admin@BesyLaptop MINGW64 /d/22174600111_VuQuangHuy_baitap/main_folder (main)
$ git add <main_folder>
bash: syntax error near unexpected token `newline'

Admin@BesyLaptop MINGW64 /d/22174600111_VuQuangHuy_baitap/main_folder (main)
$ git add "new_folder"
fatal: pathspec 'new_folder' did not match any files

Admin@BesyLaptop MINGW64 /d/22174600111_VuQuangHuy_baitap/main_folder (main)
$ git add .

Admin@BesyLaptop MINGW64 /d/22174600111_VuQuangHuy_baitap/main_folder (main)
$ git commit -m "Them folder"
[main 0b7e2eb] Them folder
 3 files changed, 0 insertions(+), 0 deletions(-)
 create mode 100644 main_folder/main_txt_1.txt
 create mode 100644 main_folder/main_txt_2.txt
 create mode 100644 main_folder/main_txt_3.txt

Admin@BesyLaptop MINGW64 /d/22174600111_VuQuangHuy_baitap/main_folder (main)
$ git push origin
Enumerating objects: 5, done.
Counting objects: 100% (5/5), done.
Delta compression using up to 8 threads
Compressing objects: 100% (3/3), done.
Writing objects: 100% (4/4), 355 bytes | 355.00 KiB/s, done.
Total 4 (delta 0), reused 0 (delta 0), pack-reused 0 (from 0)
To https://github.com/QuangHuyk16/22174600111_VuQuangHuy_baitap.git
   d17dc77..0b7e2eb  main -> main

Admin@BesyLaptop MINGW64 /d/22174600111_VuQuangHuy_baitap/main_folder (main)
$ git checkout branch_1
Switched to branch 'branch_1'

Admin@BesyLaptop MINGW64 /d/22174600111_VuQuangHuy_baitap/main_folder (branch_1)
$ git checkout -b "branch_5"
Switched to a new branch 'branch_5'

Admin@BesyLaptop MINGW64 /d/22174600111_VuQuangHuy_baitap/main_folder (branch_5)
$ echo "Etiam malesuada felis nulla, ac porta dui sollicitudin eget. Mauris hendrerit non  metus eget pellentesque. Etiam ornare ante at pretium hendrerit. Proin molestie accumsan  sapien, ac finibus libero lobortis quis. Praesent ac commodo eros. Nullam malesuada v el  dui nec feugiat. Cras justo ipsum, scelerisque et elit vitae, porttitor tristique turpis. Nam  ut hendrerit est. Nulla sed tincidunt nibh. Class aptent taciti sociosqu ad litora torquent  per conubia nostra, per inceptos himenaeos. Quisque vitae egestas lacus. Phasellus turpis  ante, euismod quis pellentesque et, pharetra id ligula. Vestibulum mattis sem ac ligula  auctor viverra. Phasellus dignissim mollis leo, vitae tristique enim." > text_branch_1.txt

Admin@BesyLaptop MINGW64 /d/22174600111_VuQuangHuy_baitap/main_folder (branch_5)
$ git add .
warning: in the working copy of 'main_folder/text_branch_1.txt', LF will be replaced by CRLF the next time Git touches it

Admin@BesyLaptop MINGW64 /d/22174600111_VuQuangHuy_baitap/main_folder (branch_5)
$ git commit -m "Sua noi dung file"
[branch_5 9b0fd95] Sua noi dung file
 1 file changed, 1 insertion(+)
 create mode 100644 main_folder/text_branch_1.txt

Admin@BesyLaptop MINGW64 /d/22174600111_VuQuangHuy_baitap/main_folder (branch_5)
$ git push origin branch 5
error: src refspec branch does not match any
error: src refspec 5 does not match any
error: failed to push some refs to 'https://github.com/QuangHuyk16/22174600111_VuQuangHuy_baitap.git'

Admin@BesyLaptop MINGW64 /d/22174600111_VuQuangHuy_baitap/main_folder (branch_5)
$ git push origin branch_5
Enumerating objects: 5, done.
Counting objects: 100% (5/5), done.
Delta compression using up to 8 threads
Compressing objects: 100% (3/3), done.
Writing objects: 100% (4/4), 780 bytes | 780.00 KiB/s, done.
Total 4 (delta 0), reused 0 (delta 0), pack-reused 0 (from 0)
remote:
remote: Create a pull request for 'branch_5' on GitHub by visiting:
remote:      https://github.com/QuangHuyk16/22174600111_VuQuangHuy_baitap/pull/new/branch_5
remote:
To https://github.com/QuangHuyk16/22174600111_VuQuangHuy_baitap.git
 * [new branch]      branch_5 -> branch_5

Admin@BesyLaptop MINGW64 /d/22174600111_VuQuangHuy_baitap/main_folder (branch_5)
$ git checkout main
Switched to branch 'main'
Your branch is up to date with 'origin/main'.

Admin@BesyLaptop MINGW64 /d/22174600111_VuQuangHuy_baitap/main_folder (main)
$ git branch -D branch_5
Deleted branch branch_5 (was 9b0fd95).

Admin@BesyLaptop MINGW64 /d/22174600111_VuQuangHuy_baitap/main_folder (main)
$ git branch -l
  branch_1
  branch_2
  branch_3
* main

Admin@BesyLaptop MINGW64 /d/22174600111_VuQuangHuy_baitap/main_folder (main)
$ git branch -D branch_1
Deleted branch branch_1 (was 1561379).

Admin@BesyLaptop MINGW64 /d/22174600111_VuQuangHuy_baitap/main_folder (main)
$ git branch -D branch_2
Deleted branch branch_2 (was f54cf1d).

Admin@BesyLaptop MINGW64 /d/22174600111_VuQuangHuy_baitap/main_folder (main)
$ git branch -D branch_3
Deleted branch branch_3 (was 177e65c).

Admin@BesyLaptop MINGW64 /d/22174600111_VuQuangHuy_baitap/main_folder (main)
$ git add .

Admin@BesyLaptop MINGW64 /d/22174600111_VuQuangHuy_baitap/main_folder (main)
$ git commit -m "xoa file"
On branch main
Your branch is up to date with 'origin/main'.

nothing to commit, working tree clean

Admin@BesyLaptop MINGW64 /d/22174600111_VuQuangHuy_baitap/main_folder (main)
$ git push origin
To https://github.com/QuangHuyk16/22174600111_VuQuangHuy_baitap.git
 ! [rejected]        main -> main (fetch first)
error: failed to push some refs to 'https://github.com/QuangHuyk16/22174600111_VuQuangHuy_baitap.git'
hint: Updates were rejected because the remote contains work that you do not
hint: have locally. This is usually caused by another repository pushing to
hint: the same ref. If you want to integrate the remote changes, use
hint: 'git pull' before pushing again.
hint: See the 'Note about fast-forwards' in 'git push --help' for details.

Admin@BesyLaptop MINGW64 /d/22174600111_VuQuangHuy_baitap/main_folder (main)
$ git fetch
remote: Enumerating objects: 15, done.
remote: Counting objects: 100% (15/15), done.
remote: Compressing objects: 100% (8/8), done.
remote: Total 8 (delta 3), reused 0 (delta 0), pack-reused 0 (from 0)
Unpacking objects: 100% (8/8), 3.80 KiB | 555.00 KiB/s, done.
From https://github.com/QuangHuyk16/22174600111_VuQuangHuy_baitap
   0b7e2eb..086fbbc  main       -> origin/main
   1561379..5d0aedb  branch_1   -> origin/branch_1
g
Admin@BesyLaptop MINGW64 /d/22174600111_VuQuangHuy_baitap/main_folder (main)
$ git pull
Updating 0b7e2eb..086fbbc
Fast-forward
 main_folder/text_branch_1.txt | 1 +
 text_branch_1.txt             | 1 +
 text_branch_2.txt             | 1 +
 text_branch_3.txt             | 1 +
 4 files changed, 4 insertions(+)
 create mode 100644 main_folder/text_branch_1.txt
 create mode 100644 text_branch_1.txt
 create mode 100644 text_branch_2.txt
 create mode 100644 text_branch_3.txt

Admin@BesyLaptop MINGW64 /d/22174600111_VuQuangHuy_baitap/main_folder (branch_1)
$ git push origin branch_1
Total 0 (delta 0), reused 0 (delta 0), pack-reused 0 (from 0)
To https://github.com/QuangHuyk16/22174600111_VuQuangHuy_baitap.git
   6c6e774..90e6dbf  branch_1 -> branch_1

Admin@BesyLaptop MINGW64 /d/22174600111_VuQuangHuy_baitap/main_folder (main)
$ ^C
